여유/연못1/smart                   클리어  20/20 (100.0%)  평균 8.0칸
여유/연못1/fixedLeft               클리어   0/20 (0.0%)  평균 0.0칸
여유/연못1/fixedRight              클리어   0/20 (0.0%)  평균 0.0칸
여유/연못2/fixedLeft               클리어   0/20 (0.0%)  평균 1.0칸
여유/연못2/fixedRight              클리어   0/20 (0.0%)  평균 1.1칸
여유/연못1/fixedCenter             클리어   0/20 (0.0%)  평균 2.1칸
여유/연못1/random                  클리어   3/20 (15.0%)  평균 4.3칸
여유/연못2/fixedCenter             클리어   9/20 (45.0%)  평균 6.2칸
여유/연못2/smart                   클리어  20/20 (100.0%)  평균 8.0칸
여유/연못2/random                  클리어   3/20 (15.0%)  평균 4.1칸
여유/연못3/fixedCenter             클리어   0/20 (0.0%)  평균 1.1칸
여유/연못3/smart                   클리어  20/20 (100.0%)  평균 10.0칸
여유/연못4/fixedCenter             클리어   0/20 (0.0%)  평균 0.2칸
여유/연못3/fixedLeft               클리어   1/20 (5.0%)  평균 3.5칸
여유/연못3/fixedRight              클리어   1/20 (5.0%)  평균 4.4칸
여유/연못3/random                  클리어   0/20 (0.0%)  평균 4.2칸
여유/연못4/fixedLeft               클리어   0/20 (0.0%)  평균 2.3칸
여유/연못4/smart                   클리어  20/20 (100.0%)  평균 10.0칸
여유/연못4/random                  클리어   0/20 (0.0%)  평균 1.9칸
여유/연못4/fixedRight              클리어   0/20 (0.0%)  평균 3.4칸
여유/연못5/fixedCenter             클리어   0/20 (0.0%)  평균 0.0칸
여유/연못5/fixedLeft               클리어   0/20 (0.0%)  평균 3.4칸
여유/연못5/fixedRight              클리어   0/20 (0.0%)  평균 2.1칸
여유/연못5/random                  클리어   0/20 (0.0%)  평균 1.9칸
여유/연못5/smart                   클리어  20/20 (100.0%)  평균 10.0칸
아슬/연못1/fixedLeft               클리어   0/20 (0.0%)  평균 0.0칸
아슬/연못1/fixedRight              클리어   0/20 (0.0%)  평균 0.0칸
여유/연못6/fixedRight              클리어   0/20 (0.0%)  평균 0.0칸
아슬/연못1/fixedCenter             클리어   0/20 (0.0%)  평균 1.8칸
file:///Users/sitpo/math-game-factory/node_modules/puppeteer-core/lib/esm/puppeteer/common/CallbackRegistry.js:79
            this._reject(callback, new TargetCloseError('Target closed'));
                                   ^

TargetCloseError: Protocol error (Runtime.callFunctionOn): Target closed
    at CallbackRegistry.clear (file:///Users/sitpo/math-game-factory/node_modules/puppeteer-core/lib/esm/puppeteer/common/CallbackRegistry.js:79:36)
    at CdpCDPSession.onClosed (file:///Users/sitpo/math-game-factory/node_modules/puppeteer-core/lib/esm/puppeteer/cdp/CdpSession.js:112:25)
    at Connection.onMessage (file:///Users/sitpo/math-game-factory/node_modules/puppeteer-core/lib/esm/puppeteer/cdp/Connection.js:145:25)
    at WebSocket.<anonymous> (file:///Users/sitpo/math-game-factory/node_modules/puppeteer-core/lib/esm/puppeteer/node/NodeWebSocketTransport.js:37:32)
    at callListener (/Users/sitpo/math-game-factory/node_modules/ws/lib/event-target.js:290:14)
    at WebSocket.onMessage (/Users/sitpo/math-game-factory/node_modules/ws/lib/event-target.js:209:9)
    at WebSocket.emit (node:events:509:28)
    at Receiver.receiverOnMessage (/Users/sitpo/math-game-factory/node_modules/ws/lib/websocket.js:1239:20)
    at Receiver.emit (node:events:509:28)
    at Immediate.<anonymous> (/Users/sitpo/math-game-factory/node_modules/ws/lib/receiver.js:638:16) {
  cause: ProtocolError
      at <instance_members_initializer> (file:///Users/sitpo/math-game-factory/node_modules/puppeteer-core/lib/esm/puppeteer/common/CallbackRegistry.js:99:14)
      at new Callback (file:///Users/sitpo/math-game-factory/node_modules/puppeteer-core/lib/esm/puppeteer/common/CallbackRegistry.js:103:16)
      at CallbackRegistry.create (file:///Users/sitpo/math-game-factory/node_modules/puppeteer-core/lib/esm/puppeteer/common/CallbackRegistry.js:22:26)
      at Connection._rawSend (file:///Users/sitpo/math-game-factory/node_modules/puppeteer-core/lib/esm/puppeteer/cdp/Connection.js:104:26)
      at CdpCDPSession.send (file:///Users/sitpo/math-game-factory/node_modules/puppeteer-core/lib/esm/puppeteer/cdp/CdpSession.js:71:33)
      at #evaluate (file:///Users/sitpo/math-game-factory/node_modules/puppeteer-core/lib/esm/puppeteer/cdp/ExecutionContext.js:360:50)
      at ExecutionContext.evaluate (file:///Users/sitpo/math-game-factory/node_modules/puppeteer-core/lib/esm/puppeteer/cdp/ExecutionContext.js:274:36)
      at IsolatedWorld.evaluate (file:///Users/sitpo/math-game-factory/node_modules/puppeteer-core/lib/esm/puppeteer/cdp/IsolatedWorld.js:102:30)
      at CdpFrame.evaluate (file:///Users/sitpo/math-game-factory/node_modules/puppeteer-core/lib/esm/puppeteer/api/Frame.js:359:43)
      at CdpFrame.<anonymous> (file:///Users/sitpo/math-game-factory/node_modules/puppeteer-core/lib/esm/puppeteer/util/decorators.js:101:27)
}

Node.js v24.16.0
