여유/연못1/pat:0123                클리어   0/20 (0.0%)  평균 0.1칸
여유/연못1/random                  클리어   0/20 (0.0%)  평균 0.1칸
여유/연못1/pat:013                 클리어   0/20 (0.0%)  평균 0.1칸
여유/연못1/smart                   클리어  20/20 (100.0%)  평균 8.0칸
여유/연못1/human85                 클리어  19/20 (95.0%)  평균 7.9칸
여유/연못1/pat:13                  클리어   0/20 (0.0%)  평균 0.0칸
여유/연못1/fixedCenter             클리어   0/20 (0.0%)  평균 0.0칸
여유/연못1/human60                 클리어  11/20 (55.0%)  평균 5.7칸
여유/연못2/pat:0123                클리어   0/20 (0.0%)  평균 0.3칸
여유/연못2/pat:013                 클리어   0/20 (0.0%)  평균 0.1칸
여유/연못2/random                  클리어   0/20 (0.0%)  평균 0.3칸
여유/연못2/pat:13                  클리어   0/20 (0.0%)  평균 0.0칸
여유/연못2/fixedCenter             클리어   0/20 (0.0%)  평균 0.0칸
여유/연못2/smart                   클리어  20/20 (100.0%)  평균 8.0칸
여유/연못2/human85                 클리어  20/20 (100.0%)  평균 8.0칸
여유/연못2/human60                 클리어  13/20 (65.0%)  평균 6.5칸
여유/연못3/pat:0123                클리어   0/20 (0.0%)  평균 0.1칸
여유/연못3/pat:013                 클리어   0/20 (0.0%)  평균 0.1칸
여유/연못3/pat:13                  클리어   0/20 (0.0%)  평균 0.0칸
여유/연못3/random                  클리어   0/20 (0.0%)  평균 0.1칸
여유/연못3/fixedCenter             클리어   0/20 (0.0%)  평균 0.0칸
여유/연못3/smart                   클리어  20/20 (100.0%)  평균 10.0칸
여유/연못3/human85                 클리어  20/20 (100.0%)  평균 10.0칸
여유/연못3/human60                 클리어  12/20 (60.0%)  평균 7.8칸
여유/연못4/pat:0123                클리어   0/20 (0.0%)  평균 0.3칸
여유/연못4/pat:013                 클리어   0/20 (0.0%)  평균 0.1칸
여유/연못4/pat:13                  클리어   0/20 (0.0%)  평균 0.0칸
여유/연못4/smart                   클리어  20/20 (100.0%)  평균 10.0칸
여유/연못4/fixedCenter             클리어   0/20 (0.0%)  평균 0.0칸
여유/연못4/random                  클리어   0/20 (0.0%)  평균 0.1칸
여유/연못4/human85                 클리어  20/20 (100.0%)  평균 10.0칸
여유/연못4/human60                 클리어   7/20 (35.0%)  평균 5.5칸
여유/연못5/pat:0123                클리어   0/20 (0.0%)  평균 0.1칸
여유/연못5/pat:013                 클리어   0/20 (0.0%)  평균 0.0칸
여유/연못5/pat:13                  클리어   0/20 (0.0%)  평균 0.0칸
여유/연못5/smart                   클리어  20/20 (100.0%)  평균 10.0칸
여유/연못5/fixedCenter             클리어   0/20 (0.0%)  평균 0.0칸
여유/연못5/random                  클리어   0/20 (0.0%)  평균 0.4칸
여유/연못5/human85                 클리어  20/20 (100.0%)  평균 10.0칸
여유/연못5/human60                 클리어   8/20 (40.0%)  평균 6.7칸
여유/연못6/pat:0123                클리어   0/20 (0.0%)  평균 0.0칸
여유/연못6/pat:013                 클리어   0/20 (0.0%)  평균 0.0칸
여유/연못6/smart                   클리어  20/20 (100.0%)  평균 10.0칸
여유/연못6/pat:13                  클리어   0/20 (0.0%)  평균 0.0칸
여유/연못6/random                  클리어   0/20 (0.0%)  평균 0.6칸
여유/연못6/fixedCenter             클리어   0/20 (0.0%)  평균 0.0칸
여유/연못6/human85                 클리어  20/20 (100.0%)  평균 10.0칸
아슬/연못1/pat:013                 클리어   0/20 (0.0%)  평균 0.3칸
아슬/연못1/pat:13                  클리어   0/20 (0.0%)  평균 0.0칸
아슬/연못1/fixedCenter             클리어   0/20 (0.0%)  평균 0.0칸
아슬/연못1/pat:0123                클리어   0/20 (0.0%)  평균 0.0칸
아슬/연못1/random                  클리어   0/20 (0.0%)  평균 0.1칸
여유/연못6/human60                 클리어  10/20 (50.0%)  평균 7.0칸
아슬/연못1/smart                   클리어  20/20 (100.0%)  평균 8.0칸
아슬/연못1/human85                 클리어  19/20 (95.0%)  평균 7.7칸
아슬/연못1/human60                 클리어   6/20 (30.0%)  평균 4.2칸
아슬/연못2/pat:013                 클리어   0/20 (0.0%)  평균 0.1칸
아슬/연못2/pat:13                  클리어   0/20 (0.0%)  평균 0.2칸
아슬/연못2/fixedCenter             클리어   0/20 (0.0%)  평균 0.0칸
아슬/연못2/pat:0123                클리어   0/20 (0.0%)  평균 0.1칸
아슬/연못2/random                  클리어   0/20 (0.0%)  평균 0.1칸
아슬/연못2/smart                   클리어  20/20 (100.0%)  평균 8.0칸
아슬/연못2/human85                 클리어  18/20 (90.0%)  평균 7.3칸
아슬/연못2/human60                 클리어   6/20 (30.0%)  평균 4.0칸
아슬/연못3/pat:13                  클리어   0/20 (0.0%)  평균 0.0칸
아슬/연못3/pat:013                 클리어   0/20 (0.0%)  평균 0.3칸
아슬/연못3/fixedCenter             클리어   0/20 (0.0%)  평균 0.0칸
아슬/연못3/pat:0123                클리어   0/20 (0.0%)  평균 0.1칸
아슬/연못3/random                  클리어   0/20 (0.0%)  평균 0.2칸
아슬/연못3/smart                   클리어  20/20 (100.0%)  평균 10.0칸
아슬/연못3/human60                 클리어   3/20 (15.0%)  평균 3.4칸
아슬/연못3/human85                 클리어  17/20 (85.0%)  평균 9.4칸
아슬/연못4/pat:13                  클리어   0/20 (0.0%)  평균 0.1칸
아슬/연못4/pat:013                 클리어   0/20 (0.0%)  평균 0.1칸
아슬/연못4/fixedCenter             클리어   0/20 (0.0%)  평균 0.0칸
아슬/연못4/pat:0123                클리어   0/20 (0.0%)  평균 0.3칸
아슬/연못4/random                  클리어   0/20 (0.0%)  평균 0.1칸
아슬/연못4/smart                   클리어  20/20 (100.0%)  평균 10.0칸
아슬/연못4/human60                 클리어   2/20 (10.0%)  평균 3.1칸
아슬/연못4/human85                 클리어  17/20 (85.0%)  평균 9.3칸
아슬/연못5/pat:13                  클리어   0/20 (0.0%)  평균 0.1칸
아슬/연못5/pat:013                 클리어   0/20 (0.0%)  평균 0.3칸
아슬/연못5/fixedCenter             클리어   0/20 (0.0%)  평균 0.0칸
아슬/연못5/pat:0123                클리어   0/20 (0.0%)  평균 0.3칸
아슬/연못5/random                  클리어   0/20 (0.0%)  평균 0.1칸
아슬/연못5/smart                   클리어  20/20 (100.0%)  평균 10.0칸
아슬/연못5/human60                 클리어   2/20 (10.0%)  평균 3.0칸
아슬/연못5/human85                 클리어  14/20 (70.0%)  평균 8.6칸
아슬/연못6/pat:13                  클리어   0/20 (0.0%)  평균 0.1칸
아슬/연못6/fixedCenter             클리어   0/20 (0.0%)  평균 0.0칸
아슬/연못6/pat:013                 클리어   0/20 (0.0%)  평균 0.3칸
아슬/연못6/pat:0123                클리어   0/20 (0.0%)  평균 0.1칸
아슬/연못6/random                  클리어   0/20 (0.0%)  평균 0.1칸
아슬/연못6/smart                   클리어  20/20 (100.0%)  평균 10.0칸
아슬/연못6/human60                 클리어   3/20 (15.0%)  평균 3.8칸
아슬/연못6/human85                 클리어  17/20 (85.0%)  평균 8.9칸
PAGE ERRORS: [
  'Failed to load resource: the server responded with a status of 404 (Not Found)'
]
DONE
