
━━━ QA: lantern-disk ━━━
✅ index.html 존재
✅ meta.json 존재
✅ thumb.png 존재
✅ square.png 존재 (공유용 정사각 이미지)
✅ thumb.png 가 1200×630
✅ square.png 가 정확히 정사각(가로=세로), 800px 이상
✅ 표지 이미지가 다른 게임과 동일하지 않음
✅ meta.json 필수 필드
✅ meta.slug 가 폴더명과 일치
✅ 제목 길이 2~24자
✅ 성취기준 코드가 교육과정에 실재
✅ 단원 id 가 교육과정에 실재
✅ 외부 CDN·원격 리소스 없음
✅ 절대경로 리소스 없음
✅ __GAME_TEST__ 훅 코드 존재
✅ viewport 메타 태그
✅ lang="ko"
✅ <title> 존재
✅ index.html 1MB 미만
✅ 게임 폴더 총 12MB 미만
✅ __GAME_TEST__.ready 20초 내 true
✅ 훅 필수 메서드 5종 구현
✅ 문제 표본 40개 생성
✅ 모든 문제에 문장 존재
✅ 모든 문제에 정답 존재
✅ 정답이 선택지 안에 존재
✅ 선택지 중복 없음
✅ 문제 다양성 70% 이상
✅ answerNumeric 유효
✅ 정답 시 점수 상승
✅ 오답 시 상태 변화(점수/목숨)
✅ FPS 30 이상
✅ 모바일 가로 스크롤 없음
✅ 터치 타깃 40px 이상
✅ 캔버스가 단색이 아님
✅ 태블릿 가로 스크롤 없음
✅ 초와이드(2000px) 가로 스크롤 없음
✅ 콘솔 에러 0건
✅ 미처리 예외 0건
✅ 실패 요청 0건

통과 40/40 · 치명적 결함 0건
리포트: /Users/sitpo/math-game-factory/factory/work/qa/lantern-disk/report.json
